
> integrall-online@11.1.8 build
> node scripts/build.mjs

BUILD v11.1.8 — perfil full. Dependências HTTP e todos os testes são obrigatórios.

> integrall-online@11.1.8 catalog:embed
> node scripts/sync-embedded-catalog.mjs

EMBEDDED CATALOG OK - v11.1.8; 5 produtos vendáveis sincronizados

> integrall-online@11.1.8 check
> node scripts/check-syntax.mjs

SYNTAX CHECK OK - 83 arquivos JavaScript verificados

> integrall-online@11.1.8 lint
> node scripts/lint.mjs

LINT OK — 92 arquivos; regras de conflitos, debugger e bytes inválidos (sem inferência de tipos).

> integrall-online@11.1.8 security:scan
> node scripts/security-scan.mjs

SECURITY SCAN OK - 114 arquivos inspecionados
WARN: scripts/migrate.mjs: TLS sem validação existe somente no modo DATABASE_SSL_MODE=require; produção deve preferir verify-full
WARN: src/repository.js: TLS sem validação existe somente no modo DATABASE_SSL_MODE=require; produção deve preferir verify-full

> integrall-online@11.1.8 audit
> node scripts/audit.mjs

AUDIT OK
- index.html: 45936 bytes
- versão 11.1.8; 227 produtos; 52 variações; 230 referências de imagem
- 0 variações possuem foto específica no catálogo entregue
- 22 arquivos públicos de texto e 1501 arquivos do pacote auditados

> integrall-online@11.1.8 media:verify
> node scripts/verify-media.mjs

MEDIA OK — 43 IDs preservados; 33 imagens únicas; 237 referências verificadas nos catálogos.

> integrall-online@11.1.8 test
> node --test --test-concurrency=1 tests/*.test.js

TAP version 13
# Subtest: AUDIT-AUTH-01: permissões inválidas falham fechadas, inclusive protótipo
ok 1 - AUDIT-AUTH-01: permissões inválidas falham fechadas, inclusive protótipo
  ---
  duration_ms: 2.094728
  type: 'test'
  ...
# Subtest: AUDIT-AUTH-02: credencial exata e variantes negativas sem normalização
ok 2 - AUDIT-AUTH-02: credencial exata e variantes negativas sem normalização
  ---
  duration_ms: 1999.735899
  type: 'test'
  ...
# Subtest: AUDIT-AUTH-03: alteração do hash invalida sessões antigas mesmo com o mesmo segredo
ok 3 - AUDIT-AUTH-03: alteração do hash invalida sessões antigas mesmo com o mesmo segredo
  ---
  duration_ms: 299.363856
  type: 'test'
  ...
# Subtest: AUDIT-AUTH-04: redução do papel invalida sessão que concedia mais permissões
ok 4 - AUDIT-AUTH-04: redução do papel invalida sessão que concedia mais permissões
  ---
  duration_ms: 292.103424
  type: 'test'
  ...
# Subtest: AUDIT-AUTH-05: sessão antiga, corrompida, expirada ou malformada é recusada
ok 5 - AUDIT-AUTH-05: sessão antiga, corrompida, expirada ou malformada é recusada
  ---
  duration_ms: 291.898223
  type: 'test'
  ...
# Subtest: AUDIT-AUTH-06: fábrica de sessão não emite tokens para usuário ou papel divergente
ok 6 - AUDIT-AUTH-06: fábrica de sessão não emite tokens para usuário ou papel divergente
  ---
  duration_ms: 1.379095
  type: 'test'
  ...
# Subtest: AUDIT-AUTH-07: cookie seguro, revogação e proteção CSRF/origem usam autenticação real
ok 7 - AUDIT-AUTH-07: cookie seguro, revogação e proteção CSRF/origem usam autenticação real
  ---
  duration_ms: 308.843584
  type: 'test'
  ...
# Subtest: AUDIT-AUTH-08: falha na revogação do repositório não é silenciada
ok 8 - AUDIT-AUTH-08: falha na revogação do repositório não é silenciada
  ---
  duration_ms: 0.896405
  type: 'test'
  ...
# Subtest: AUDIT-HASH-01: ferramenta de hash conserva espaços finais e não imprime a senha
ok 9 - AUDIT-HASH-01: ferramenta de hash conserva espaços finais e não imprime a senha
  ---
  duration_ms: 948.582918
  type: 'test'
  ...
# Subtest: AUDIT-UI-01: logout exige confirmação; atualização entre abas não transporta segredos
ok 10 - AUDIT-UI-01: logout exige confirmação; atualização entre abas não transporta segredos
  ---
  duration_ms: 6.379503
  type: 'test'
  ...
# Subtest: AUDIT-HTTP-01: controladores reais, cookie, CSRF e logout por HTTP (sem Express)
ok 11 - AUDIT-HTTP-01: controladores reais, cookie, CSRF e logout por HTTP (sem Express)
  ---
  duration_ms: 1701.832498
  type: 'test'
  ...
# Subtest: scrypt cria hash verificável e rejeita senha incorreta
ok 12 - scrypt cria hash verificável e rejeita senha incorreta
  ---
  duration_ms: 137.620464
  type: 'test'
  ...
# Subtest: sessão administrativa é assinada, expira e carrega CSRF
ok 13 - sessão administrativa é assinada, expira e carrega CSRF
  ---
  duration_ms: 83.376626
  type: 'test'
  ...
# Subtest: login aceita e-mail em branco e valida somente o hash configurado
ok 14 - login aceita e-mail em branco e valida somente o hash configurado
  ---
  duration_ms: 65.935466
  type: 'test'
  ...
# Subtest: papéis aplicam menor privilégio
ok 15 - papéis aplicam menor privilégio
  ---
  duration_ms: 0.975925
  type: 'test'
  ...
# Subtest: middleware administrativo aplica no-store também em sessão autenticada
ok 16 - middleware administrativo aplica no-store também em sessão autenticada
  ---
  duration_ms: 30.917749
  type: 'test'
  ...
# Subtest: logout revoga a sessão administrativa no armazenamento compartilhado
ok 17 - logout revoga a sessão administrativa no armazenamento compartilhado
  ---
  duration_ms: 33.915505
  type: 'test'
  ...
# Subtest: até 12 unidades vai pelos Correios; acima, pela Jadlog
ok 18 - até 12 unidades vai pelos Correios; acima, pela Jadlog
  ---
  duration_ms: 4.395942
  type: 'test'
  ...
# Subtest: com apenas uma transportadora configurada, a regra não bloqueia nada
ok 19 - com apenas uma transportadora configurada, a regra não bloqueia nada
  ---
  duration_ms: 0.990602
  type: 'test'
  ...
# Subtest: split 0 desativa a regra: todas cotam sempre
ok 20 - split 0 desativa a regra: todas cotam sempre
  ---
  duration_ms: 0.781456
  type: 'test'
  ...
# Subtest: limite customizado é respeitado
ok 21 - limite customizado é respeitado
  ---
  duration_ms: 0.441451
  type: 'test'
  ...
# Subtest: catálogo normaliza e não preserva segredos ou campos arbitrários
ok 22 - catálogo normaliza e não preserva segredos ou campos arbitrários
  ---
  duration_ms: 85.435795
  type: 'test'
  ...
# Subtest: catálogo aceita imagens enviadas pelo painel em /media/products/
ok 23 - catálogo aceita imagens enviadas pelo painel em /media/products/
  ---
  duration_ms: 23.365168
  type: 'test'
  ...
# Subtest: variação pode apontar para uma foto específica da galeria do produto
ok 24 - variação pode apontar para uma foto específica da galeria do produto
  ---
  duration_ms: 3.121151
  type: 'test'
  ...
# Subtest: foto da variação precisa pertencer à galeria do produto
ok 25 - foto da variação precisa pertencer à galeria do produto
  ---
  duration_ms: 1.099958
  type: 'test'
  ...
# Subtest: catálogo público só habilita meios realmente configurados no servidor
ok 26 - catálogo público só habilita meios realmente configurados no servidor
  ---
  duration_ms: 48.690738
  type: 'test'
  ...
# Subtest: pedido ignora preço enviado pelo navegador e recalcula no servidor
ok 27 - pedido ignora preço enviado pelo navegador e recalcula no servidor
  ---
  duration_ms: 5.269647
  type: 'test'
  ...
# Subtest: pedido gera id forte e token de checkout de capacidade
ok 28 - pedido gera id forte e token de checkout de capacidade
  ---
  duration_ms: 1.099021
  type: 'test'
  ...
# Subtest: frete fixo e frete grátis são calculados no servidor
ok 29 - frete fixo e frete grátis são calculados no servidor
  ---
  duration_ms: 0.22266
  type: 'test'
  ...
# Subtest: modo cotação impede inventar preço de frete
ok 30 - modo cotação impede inventar preço de frete
  ---
  duration_ms: 0.720052
  type: 'test'
  ...
# Subtest: pedido rejeita quantidade inválida, produto inexistente e email inválido
ok 31 - pedido rejeita quantidade inválida, produto inexistente e email inválido
  ---
  duration_ms: 2.187125
  type: 'test'
  ...
# Subtest: catálogo rejeita ids de produto e variante duplicados
ok 32 - catálogo rejeita ids de produto e variante duplicados
  ---
  duration_ms: 1.098724
  type: 'test'
  ...
# Subtest: URLs inseguras de imagens importadas são descartadas
ok 33 - URLs inseguras de imagens importadas são descartadas
  ---
  duration_ms: 1.724408
  type: 'test'
  ...
# Subtest: catálogo rejeita preço negativo
ok 34 - catálogo rejeita preço negativo
  ---
  duration_ms: 0.749834
  type: 'test'
  ...
# Subtest: quantidades repetidas não contornam limite por pedido nem estoque
ok 35 - quantidades repetidas não contornam limite por pedido nem estoque
  ---
  duration_ms: 8.090455
  type: 'test'
  ...
# Subtest: frete fixo negativo de ambiente nunca reduz o total
ok 36 - frete fixo negativo de ambiente nunca reduz o total
  ---
  duration_ms: 0.266167
  type: 'test'
  ...
# Subtest: entrega exige endereço completo e contato
ok 37 - entrega exige endereço completo e contato
  ---
  duration_ms: 1.801768
  type: 'test'
  ...
# Subtest: pedido com bebida alcoólica exige confirmação de maioridade
ok 38 - pedido com bebida alcoólica exige confirmação de maioridade
  ---
  duration_ms: 1.795854
  type: 'test'
  ...
# Subtest: cupons são normalizados, aplicados no servidor e não vazam no catálogo público
ok 39 - cupons são normalizados, aplicados no servidor e não vazam no catálogo público
  ---
  duration_ms: 34.996233
  type: 'test'
  ...
# Subtest: cupom nunca zera nem negativa o total e expira corretamente
ok 40 - cupom nunca zera nem negativa o total e expira corretamente
  ---
  duration_ms: 11.076131
  type: 'test'
  ...
# Subtest: cupom de frete grátis desconta exatamente o frete calculado
ok 41 - cupom de frete grátis desconta exatamente o frete calculado
  ---
  duration_ms: 10.911605
  type: 'test'
  ...
# Subtest: quantidade mínima por produto é validada no servidor
ok 42 - quantidade mínima por produto é validada no servidor
  ---
  duration_ms: 4.134075
  type: 'test'
  ...
# Subtest: peso e dimensões são normalizados no catálogo
ok 43 - peso e dimensões são normalizados no catálogo
  ---
  duration_ms: 11.730929
  type: 'test'
  ...
# Subtest: modo correios usa cotação resolvida pelo servidor e cai para cotação manual sem ela
ok 44 - modo correios usa cotação resolvida pelo servidor e cai para cotação manual sem ela
  ---
  duration_ms: 0.360738
  type: 'test'
  ...
# Subtest: frete grátis por limiar vence o modo correios
ok 45 - frete grátis por limiar vence o modo correios
  ---
  duration_ms: 0.264124
  type: 'test'
  ...
# Subtest: catálogo público sincroniza modo/valores de frete do servidor
ok 46 - catálogo público sincroniza modo/valores de frete do servidor
  ---
  duration_ms: 34.638681
  type: 'test'
  ...
# Subtest: cleanText remove caracteres invisíveis e overrides bidirecionais (anti-spoofing)
ok 47 - cleanText remove caracteres invisíveis e overrides bidirecionais (anti-spoofing)
  ---
  duration_ms: 0.204766
  type: 'test'
  ...
# Subtest: couponDiscount nunca deixa o subtotal abaixo de R$ 1,00 (paridade com o front)
ok 48 - couponDiscount nunca deixa o subtotal abaixo de R$ 1,00 (paridade com o front)
  ---
  duration_ms: 0.342566
  type: 'test'
  ...
# Subtest: produto oculto permanece no Admin, não aparece no catálogo público e não pode ser comprado
ok 49 - produto oculto permanece no Admin, não aparece no catálogo público e não pode ser comprado
  ---
  duration_ms: 20.232963
  type: 'test'
  ...
# Subtest: configuração visual preserva controles do editor visual e texto do rodapé
ok 50 - configuração visual preserva controles do editor visual e texto do rodapé
  ---
  duration_ms: 16.217425
  type: 'test'
  ...
# Subtest: IDs de variação precisam ser únicos em todo o catálogo
ok 51 - IDs de variação precisam ser únicos em todo o catálogo
  ---
  duration_ms: 1.87706
  type: 'test'
  ...
# Subtest: cliente: código com letras é recusado sem consumir o código válido
ok 52 - cliente: código com letras é recusado sem consumir o código válido
  ---
  duration_ms: 22.075143
  type: 'test'
  ...
# Subtest: cliente: código com dígitos excedentes é recusado sem consumir o código válido
ok 53 - cliente: código com dígitos excedentes é recusado sem consumir o código válido
  ---
  duration_ms: 1.25751
  type: 'test'
  ...
# Subtest: cliente: código com separadores internos é recusado sem consumir o código válido
ok 54 - cliente: código com separadores internos é recusado sem consumir o código válido
  ---
  duration_ms: 1.311962
  type: 'test'
  ...
# Subtest: cliente: e-mail acima de 254 caracteres não vira outro identificador truncado
ok 55 - cliente: e-mail acima de 254 caracteres não vira outro identificador truncado
  ---
  duration_ms: 0.411452
  type: 'test'
  ...
# Subtest: cliente: sessão com expiração inválido é revogada
ok 56 - cliente: sessão com expiração inválido é revogada
  ---
  duration_ms: 1.964038
  type: 'test'
  ...
# Subtest: cliente: sessão com expiração  é revogada
ok 57 - cliente: sessão com expiração  é revogada
  ---
  duration_ms: 0.996444
  type: 'test'
  ...
# Subtest: cliente: sessão com expiração undefined é revogada
ok 58 - cliente: sessão com expiração undefined é revogada
  ---
  duration_ms: 0.973225
  type: 'test'
  ...
# Subtest: cliente: sessão válida continua aceita e cookie malformado é recusado
ok 59 - cliente: sessão válida continua aceita e cookie malformado é recusado
  ---
  duration_ms: 1.405352
  type: 'test'
  ...
# Subtest: API: erro HTTP preserva status, código e requestId para expiração da sessão
ok 60 - API: erro HTTP preserva status, código e requestId para expiração da sessão
  ---
  duration_ms: 118.12775
  type: 'test'
  ...
# Subtest: API: resposta 200 contendo HTML não é apresentada como sucesso vazio
ok 61 - API: resposta 200 contendo HTML não é apresentada como sucesso vazio
  ---
  duration_ms: 11.4894
  type: 'test'
  ...
# Subtest: API: resposta HTTP 503 sem JSON preserva o status
ok 62 - API: resposta HTTP 503 sem JSON preserva o status
  ---
  duration_ms: 5.739161
  type: 'test'
  ...
# Subtest: API: HTTP 204 sem corpo continua compatível
ok 63 - API: HTTP 204 sem corpo continua compatível
  ---
  duration_ms: 7.463182
  type: 'test'
  ...
# Subtest: API: requisição já cancelada não inicia acesso à rede
ok 64 - API: requisição já cancelada não inicia acesso à rede
  ---
  duration_ms: 6.001414
  type: 'test'
  ...
# Subtest: API: cancelamento externo durante a resposta é propagado
ok 65 - API: cancelamento externo durante a resposta é propagado
  ---
  duration_ms: 17.429974
  type: 'test'
  ...
# Subtest: API: FormData mantém cabeçalho multipart gerado pelo navegador
ok 66 - API: FormData mantém cabeçalho multipart gerado pelo navegador
  ---
  duration_ms: 8.730594
  type: 'test'
  ...
# Subtest: mídia local: ordena por data antes de limitar, não pelo nome aleatório
ok 67 - mídia local: ordena por data antes de limitar, não pelo nome aleatório
  ---
  duration_ms: 52.899663
  type: 'test'
  ...
# Subtest: upload: WebP apenas com cabeçalho de canvas, sem imagem, é recusado
ok 68 - upload: WebP apenas com cabeçalho de canvas, sem imagem, é recusado
  ---
  duration_ms: 1.950993
  type: 'test'
  ...
# Subtest: upload: dimensões de VP8 ocultas por um VP8X pequeno não burlam o limite
ok 69 - upload: dimensões de VP8 ocultas por um VP8X pequeno não burlam o limite
  ---
  duration_ms: 30.301413
  type: 'test'
  ...
# Subtest: upload: cabeçalho VP8L sem dados de pixels é recusado
ok 70 - upload: cabeçalho VP8L sem dados de pixels é recusado
  ---
  duration_ms: 1.350559
  type: 'test'
  ...
# Subtest: perfil: CEP ausente retorna erro em vez de descartar ou truncar dados
ok 71 - perfil: CEP ausente retorna erro em vez de descartar ou truncar dados
  ---
  duration_ms: 1.685939
  type: 'test'
  ...
# Subtest: perfil: CEP excedente retorna erro em vez de descartar ou truncar dados
ok 72 - perfil: CEP excedente retorna erro em vez de descartar ou truncar dados
  ---
  duration_ms: 0.465596
  type: 'test'
  ...
# Subtest: perfil: sexto endereço retorna erro em vez de descartar ou truncar dados
ok 73 - perfil: sexto endereço retorna erro em vez de descartar ou truncar dados
  ---
  duration_ms: 0.401882
  type: 'test'
  ...
# Subtest: perfil: endereço incompleto retorna erro em vez de descartar ou truncar dados
ok 74 - perfil: endereço incompleto retorna erro em vez de descartar ou truncar dados
  ---
  duration_ms: 0.773541
  type: 'test'
  ...
# Subtest: perfil: tipo incorreto retorna erro em vez de descartar ou truncar dados
ok 75 - perfil: tipo incorreto retorna erro em vez de descartar ou truncar dados
  ---
  duration_ms: 0.380866
  type: 'test'
  ...
# Subtest: perfil: editar nome preserva endereços legados, sem migração destrutiva
ok 76 - perfil: editar nome preserva endereços legados, sem migração destrutiva
  ---
  duration_ms: 3.052529
  type: 'test'
  ...
# Subtest: perfil: endereço completo normaliza CEP e UF, exclusão explícita funciona
ok 77 - perfil: endereço completo normaliza CEP e UF, exclusão explícita funciona
  ---
  duration_ms: 1.023848
  type: 'test'
  ...
# Subtest: perfil: validação falha dentro do lock sem apagar os dados anteriores
ok 78 - perfil: validação falha dentro do lock sem apagar os dados anteriores
  ---
  duration_ms: 7.035354
  type: 'test'
  ...
# Subtest: repositório: expiração ou tentativas inválidas não validam código temporário
ok 79 - repositório: expiração ou tentativas inválidas não validam código temporário
  ---
  duration_ms: 1.192761
  type: 'test'
  ...
# Subtest: upload: WebP válido lossy.webp permanece aceito
ok 80 - upload: WebP válido lossy.webp permanece aceito
  ---
  duration_ms: 28.919073
  type: 'test'
  ...
# Subtest: upload: WebP válido lossless.webp permanece aceito
ok 81 - upload: WebP válido lossless.webp permanece aceito
  ---
  duration_ms: 2.079589
  type: 'test'
  ...
# Subtest: upload: WebP válido alpha.webp permanece aceito
ok 82 - upload: WebP válido alpha.webp permanece aceito
  ---
  duration_ms: 2.124599
  type: 'test'
  ...
# Subtest: upload: WebP válido animated.webp permanece aceito
ok 83 - upload: WebP válido animated.webp permanece aceito
  ---
  duration_ms: 2.403312
  type: 'test'
  ...
# Subtest: upload: WebP válido metadata.webp permanece aceito
ok 84 - upload: WebP válido metadata.webp permanece aceito
  ---
  duration_ms: 1.902093
  type: 'test'
  ...
# Subtest: API: cancelamento durante leitura do JSON não vira erro de formato
ok 85 - API: cancelamento durante leitura do JSON não vira erro de formato
  ---
  duration_ms: 10.387738
  type: 'test'
  ...
# Subtest: API: timeout tem código próprio, distinto de cancelamento do usuário
ok 86 - API: timeout tem código próprio, distinto de cancelamento do usuário
  ---
  duration_ms: 9.187659
  type: 'test'
  ...
# {"level":"warn","event":"media_metadata_invalid","file":"invalid-file-0001.json","message":"Metadados de mídia inválidos."}
# Subtest: mídia local: sidecar nulo não derruba a listagem de arquivos válidos
ok 87 - mídia local: sidecar nulo não derruba a listagem de arquivos válidos
  ---
  duration_ms: 19.133293
  type: 'test'
  ...
# Subtest: serviço fica não-configurado sem credenciais e configurado com elas
ok 88 - serviço fica não-configurado sem credenciais e configurado com elas
  ---
  duration_ms: 3.109572
  type: 'test'
  ...
# Subtest: empacotamento soma pesos com margem, respeita mínimos e detecta dados ausentes
ok 89 - empacotamento soma pesos com margem, respeita mínimos e detecta dados ausentes
  ---
  duration_ms: 2.088703
  type: 'test'
  ...
# Subtest: caixas reais são usadas para quantidades fechadas e o restante vai avulso
ok 90 - caixas reais são usadas para quantidades fechadas e o restante vai avulso
  ---
  duration_ms: 1.652958
  type: 'test'
  ...
# Subtest: cotação autentica, consulta preço/prazo e escolhe a opção mais barata
ok 91 - cotação autentica, consulta preço/prazo e escolhe a opção mais barata
  ---
  duration_ms: 6.626283
  type: 'test'
  ...
# Subtest: token expirado é renovado automaticamente em caso de 401
ok 92 - token expirado é renovado automaticamente em caso de 401
  ---
  duration_ms: 5.18344
  type: 'test'
  ...
# Subtest: pedido com múltiplos volumes soma o frete de todas as caixas
ok 93 - pedido com múltiplos volumes soma o frete de todas as caixas
  ---
  duration_ms: 2.039202
  type: 'test'
  ...
# Subtest: erros da API viram mensagens claras
ok 94 - erros da API viram mensagens claras
  ---
  duration_ms: 2.871608
  type: 'test'
  ...
# Subtest: rastreio Correios normaliza eventos da API Rastro
ok 95 - rastreio Correios normaliza eventos da API Rastro
  ---
  duration_ms: 2.25572
  type: 'test'
  ...
# Subtest: parse de preço tolera formato brasileiro e internacional (proteção contra erro de 100x)
ok 96 - parse de preço tolera formato brasileiro e internacional (proteção contra erro de 100x)
  ---
  duration_ms: 2.763532
  type: 'test'
  ...
# Subtest: lote de preço é fatiado em blocos de 5 (limite do manual V2.4)
ok 97 - lote de preço é fatiado em blocos de 5 (limite do manual V2.4)
  ---
  duration_ms: 2.066401
  type: 'test'
  ...
# Subtest: valor declarado usa o código correto POR SERVIÇO (019 SEDEX, 064 PAC — manual oficial)
ok 98 - valor declarado usa o código correto POR SERVIÇO (019 SEDEX, 064 PAC — manual oficial)
  ---
  duration_ms: 2.355506
  type: 'test'
  ...
# Subtest: versão da API é configurável (v1 padrão dos exemplos; v3 da seção Ambientes)
ok 99 - versão da API é configurável (v1 padrão dos exemplos; v3 da seção Ambientes)
  ---
  duration_ms: 1.633749
  type: 'test'
  ...
# Subtest: CustomerAuth exige segredo persistente com pelo menos 32 caracteres
ok 100 - CustomerAuth exige segredo persistente com pelo menos 32 caracteres
  ---
  duration_ms: 3.02257
  type: 'test'
  ...
# Subtest: código temporário é armazenado como HMAC vinculado ao e-mail
ok 101 - código temporário é armazenado como HMAC vinculado ao e-mail
  ---
  duration_ms: 7.810212
  type: 'test'
  ...
# Subtest: mesmo código não autentica outro e-mail
ok 102 - mesmo código não autentica outro e-mail
  ---
  duration_ms: 1.69493
  type: 'test'
  ...
# Subtest: código de login é consumido atomicamente e só cria uma sessão
ok 103 - código de login é consumido atomicamente e só cria uma sessão
  ---
  duration_ms: 4.110884
  type: 'test'
  ...
# Subtest: cookie do cliente é HttpOnly, SameSite Strict e pode ser limpo de forma explícita
ok 104 - cookie do cliente é HttpOnly, SameSite Strict e pode ser limpo de forma explícita
  ---
  duration_ms: 1.212583
  type: 'test'
  ...
# Subtest: middleware CSRF recusa requisição cross-site mesmo com token correto
ok 105 - middleware CSRF recusa requisição cross-site mesmo com token correto
  ---
  duration_ms: 2.636157
  type: 'test'
  ...
# Subtest: middleware CSRF aceita mesma origem e token válido
ok 106 - middleware CSRF aceita mesma origem e token válido
  ---
  duration_ms: 1.449499
  type: 'test'
  ...
# Subtest: cookie malformado não causa exceção nem derruba a autenticação
ok 107 - cookie malformado não causa exceção nem derruba a autenticação
  ---
  duration_ms: 1.298226
  type: 'test'
  ...
# Subtest: middlewares autenticados impedem cache de dados privados
ok 108 - middlewares autenticados impedem cache de dados privados
  ---
  duration_ms: 6.621891
  type: 'test'
  ...
# Subtest: credencial administrativa inicial autentica com e-mail em branco e diferencia maiúsculas
ok 109 - credencial administrativa inicial autentica com e-mail em branco e diferencia maiúsculas
  ---
  duration_ms: 920.145801
  type: 'test'
  ...
# Subtest: modo personalizado explícito substitui integralmente a credencial inicial
ok 110 - modo personalizado explícito substitui integralmente a credencial inicial
  ---
  duration_ms: 97.058783
  type: 'test'
  ...
# Subtest: produção exige hash próprio e segredo de sessão persistente
ok 111 - produção exige hash próprio e segredo de sessão persistente
  ---
  duration_ms: 47.62109
  type: 'test'
  ...
# Subtest: modo padrão recusa hash legado configurado e aceita somente a credencial inicial
ok 112 - modo padrão recusa hash legado configurado e aceita somente a credencial inicial
  ---
  duration_ms: 667.591103
  type: 'test'
  ...
# node:internal/modules/esm/resolve:204
#   const resolvedOption = FSLegacyMainResolve(pkgPath, packageConfig.main, baseStringified);
#                          ^
# Error: Cannot find package '/mnt/data/revisao-cliente/projeto/node_modules/express/index.js' imported from /mnt/data/revisao-cliente/projeto/tests/http.test.js
#     at legacyMainResolve (node:internal/modules/esm/resolve:204:26)
#     at packageResolve (node:internal/modules/esm/resolve:778:12)
#     at moduleResolve (node:internal/modules/esm/resolve:854:18)
#     at defaultResolve (node:internal/modules/esm/resolve:984:11)
#     at ModuleLoader.defaultResolve (node:internal/modules/esm/loader:780:12)
#     at \#cachedDefaultResolve (node:internal/modules/esm/loader:704:25)
#     at ModuleLoader.resolve (node:internal/modules/esm/loader:687:38)
#     at ModuleLoader.getModuleJobForImport (node:internal/modules/esm/loader:305:38)
#     at onImport.tracePromise.__proto__ (node:internal/modules/esm/loader:643:36)
#     at TracingChannel.tracePromise (node:diagnostics_channel:344:14) {
#   code: 'ERR_MODULE_NOT_FOUND'
# }
# Node.js v22.16.0
# Subtest: tests/http.test.js
not ok 9 - tests/http.test.js
  ---
  duration_ms: 225.60872
  type: 'test'
  location: '/mnt/data/revisao-cliente/projeto/tests/http.test.js:1:1'
  failureType: 'testCodeFailure'
  exitCode: 1
  signal: ~
  error: 'test failed'
  code: 'ERR_TEST_FAILURE'
  ...
# Subtest: PNG válido tem assinatura, dimensão, checksum e metadados controlados
ok 114 - PNG válido tem assinatura, dimensão, checksum e metadados controlados
  ---
  duration_ms: 3.719488
  type: 'test'
  ...
# Subtest: MIME falso e arquivo corrompido são recusados
ok 115 - MIME falso e arquivo corrompido são recusados
  ---
  duration_ms: 1.302643
  type: 'test'
  ...
# Subtest: multipart extrai um arquivo real e campos auxiliares
ok 116 - multipart extrai um arquivo real e campos auxiliares
  ---
  duration_ms: 2.547154
  type: 'test'
  ...
# Subtest: data URL antiga permanece migrável, mas passa pela mesma validação
ok 117 - data URL antiga permanece migrável, mas passa pela mesma validação
  ---
  duration_ms: 6.014006
  type: 'test'
  ...
# Subtest: serviço fica não-configurado sem credenciais e configurado com elas
ok 118 - serviço fica não-configurado sem credenciais e configurado com elas
  ---
  duration_ms: 2.563424
  type: 'test'
  ...
# Subtest: peso cobrado é o maior entre real e cubado (divisor 6000)
ok 119 - peso cobrado é o maior entre real e cubado (divisor 6000)
  ---
  duration_ms: 0.539136
  type: 'test'
  ...
# Subtest: cotação envia payload correto e soma múltiplos volumes
ok 120 - cotação envia payload correto e soma múltiplos volumes
  ---
  duration_ms: 2.990519
  type: 'test'
  ...
# Subtest: erros da API Jadlog viram mensagens claras
ok 121 - erros da API Jadlog viram mensagens claras
  ---
  duration_ms: 2.732709
  type: 'test'
  ...
# Subtest: mais de 3 volumes são fatiados em múltiplas chamadas
ok 122 - mais de 3 volumes são fatiados em múltiplas chamadas
  ---
  duration_ms: 2.747789
  type: 'test'
  ...
# Subtest: rastreio Jadlog normaliza eventos (mais recente primeiro)
ok 123 - rastreio Jadlog normaliza eventos (mais recente primeiro)
  ---
  duration_ms: 1.447736
  type: 'test'
  ...
# Subtest: mailer só fica configurado com todos os dados SMTP
ok 124 - mailer só fica configurado com todos os dados SMTP
  ---
  duration_ms: 4.753671
  type: 'test'
  ...
# Subtest: envio sem configuração falha graciosamente sem lançar
ok 125 - envio sem configuração falha graciosamente sem lançar
  ---
  duration_ms: 0.715952
  type: 'test'
  ...
# Subtest: destinatário inválido é rejeitado antes de conectar
ok 126 - destinatário inválido é rejeitado antes de conectar
  ---
  duration_ms: 0.469332
  type: 'test'
  ...
# Subtest: e-mail de pedido criado contém itens, total, desconto, rastreio e link
ok 127 - e-mail de pedido criado contém itens, total, desconto, rastreio e link
  ---
  duration_ms: 43.085215
  type: 'test'
  ...
# Subtest: e-mail de atualização usa o status como assunto
ok 128 - e-mail de atualização usa o status como assunto
  ---
  duration_ms: 1.000831
  type: 'test'
  ...
# Subtest: frete sob cotação aparece como "a confirmar"
ok 129 - frete sob cotação aparece como "a confirmar"
  ---
  duration_ms: 0.836279
  type: 'test'
  ...
# Subtest: itens de presente aparecem no e-mail com a mensagem
ok 130 - itens de presente aparecem no e-mail com a mensagem
  ---
  duration_ms: 1.627743
  type: 'test'
  ...
# Subtest: Reply-To é incluído quando configurado e válido
ok 131 - Reply-To é incluído quando configurado e válido
  ---
  duration_ms: 0.213579
  type: 'test'
  ...
# Subtest: SMTP rejeita mailbox/header injection e e-mail não duplica subtotal
ok 132 - SMTP rejeita mailbox/header injection e e-mail não duplica subtotal
  ---
  duration_ms: 1.450741
  type: 'test'
  ...
# Subtest: máquina de estados permite o fluxo comercial esperado
ok 133 - máquina de estados permite o fluxo comercial esperado
  ---
  duration_ms: 1.426099
  type: 'test'
  ...
# Subtest: máquina de estados bloqueia regressões e transições impossíveis
ok 134 - máquina de estados bloqueia regressões e transições impossíveis
  ---
  duration_ms: 4.329566
  type: 'test'
  ...
# Subtest: pagamento aprovado válido avança para pago
ok 135 - pagamento aprovado válido avança para pago
  ---
  duration_ms: 3.132924
  type: 'test'
  ...
# Subtest: valor, moeda ou preferência divergentes bloqueiam confirmação
ok 136 - valor, moeda ou preferência divergentes bloqueiam confirmação
  ---
  duration_ms: 4.225
  type: 'test'
  ...
# Subtest: webhook pendente ou recusado atrasado não rebaixa pedido pago
ok 137 - webhook pendente ou recusado atrasado não rebaixa pedido pago
  ---
  duration_ms: 0.341055
  type: 'test'
  ...
# Subtest: mediação, reembolso parcial, reembolso total e chargeback ficam explícitos
ok 138 - mediação, reembolso parcial, reembolso total e chargeback ficam explícitos
  ---
  duration_ms: 0.360208
  type: 'test'
  ...
# Subtest: pagamento expirado fica explícito e pode ser tentado novamente
ok 139 - pagamento expirado fica explícito e pode ser tentado novamente
  ---
  duration_ms: 0.51709
  type: 'test'
  ...
# Subtest: pagamento aprovado de pedido cancelado vai para revisão, nunca ressuscita como pago
ok 140 - pagamento aprovado de pedido cancelado vai para revisão, nunca ressuscita como pago
  ---
  duration_ms: 0.44331
  type: 'test'
  ...
# Subtest: checkout só começa com reserva ativa e margem mínima de um minuto
ok 141 - checkout só começa com reserva ativa e margem mínima de um minuto
  ---
  duration_ms: 0.57417
  type: 'test'
  ...
# Subtest: preferência do Mercado Pago expira no máximo junto com a reserva de estoque
ok 142 - preferência do Mercado Pago expira no máximo junto com a reserva de estoque
  ---
  duration_ms: 5.469911
  type: 'test'
  ...
# Subtest: contratos recusam capacidades não declaradas de forma explícita
ok 143 - contratos recusam capacidades não declaradas de forma explícita
  ---
  duration_ms: 3.14743
  type: 'test'
  ...
# Subtest: providers reais satisfazem os contratos da aplicação
ok 144 - providers reais satisfazem os contratos da aplicação
  ---
  duration_ms: 1.496454
  type: 'test'
  ...
# Subtest: projeção pública do pedido remove dados pessoais e observações internas
ok 145 - projeção pública do pedido remove dados pessoais e observações internas
  ---
  duration_ms: 2.977716
  type: 'test'
  ...
# Subtest: projeção pública tolera pedido parcial sem lançar exceção
ok 146 - projeção pública tolera pedido parcial sem lançar exceção
  ---
  duration_ms: 0.5563
  type: 'test'
  ...
# Subtest: v11.1.8: pedido, estoque, índice e cliente sobrevivem ao reinício
ok 147 - v11.1.8: pedido, estoque, índice e cliente sobrevivem ao reinício
  ---
  duration_ms: 61.294828
  type: 'test'
  ...
# Subtest: v11.1.8: cancelamento libera estoque uma vez, inclusive depois de reiniciar
ok 148 - v11.1.8: cancelamento libera estoque uma vez, inclusive depois de reiniciar
  ---
  duration_ms: 55.212142
  type: 'test'
  ...
# Subtest: v11.1.8: pagamento confirmado persiste e não repõe estoque após reiniciar
ok 149 - v11.1.8: pagamento confirmado persiste e não repõe estoque após reiniciar
  ---
  duration_ms: 27.326346
  type: 'test'
  ...
# Subtest: v11.1.8: expiração recupera reserva depois de reiniciar e é idempotente
ok 150 - v11.1.8: expiração recupera reserva depois de reiniciar e é idempotente
  ---
  duration_ms: 48.830211
  type: 'test'
  ...
# Subtest: v11.1.8: falha no commit não deixa estoque ou pedido apenas na memória
ok 151 - v11.1.8: falha no commit não deixa estoque ou pedido apenas na memória
  ---
  duration_ms: 17.520091
  type: 'test'
  ...
# Subtest: v11.1.8: state.json é autoritativo sobre exportação antiga do catálogo
ok 152 - v11.1.8: state.json é autoritativo sobre exportação antiga do catálogo
  ---
  duration_ms: 20.566096
  type: 'test'
  ...
# Subtest: v11.1.8: JSON danificado impede inicialização, sem apagar dados silenciosamente
ok 153 - v11.1.8: JSON danificado impede inicialização, sem apagar dados silenciosamente
  ---
  duration_ms: 10.344686
  type: 'test'
  ...
# Subtest: v11.1.8: perfil, favoritos, avaliações, alertas e auditoria persistem
ok 154 - v11.1.8: perfil, favoritos, avaliações, alertas e auditoria persistem
  ---
  duration_ms: 48.876055
  type: 'test'
  ...
# Subtest: v11.1.8: 43 IDs recuperados têm mídia em uma instalação nova sem pasta local
ok 155 - v11.1.8: 43 IDs recuperados têm mídia em uma instalação nova sem pasta local
  ---
  duration_ms: 189.391261
  type: 'test'
  ...
# Subtest: v11.1.8: migração de fotografia é específica, repetível e preserva novas edições
ok 156 - v11.1.8: migração de fotografia é específica, repetível e preserva novas edições
  ---
  duration_ms: 33.700619
  type: 'test'
  ...
# Subtest: v11.1.8: 227 cadastros preservados e cinco ofertas no catálogo público
ok 157 - v11.1.8: 227 cadastros preservados e cinco ofertas no catálogo público
  ---
  duration_ms: 18.365488
  type: 'test'
  ...
# Subtest: v11.1.8: fallback usa imagens recuperadas e pagamentos continuam dependentes da API
ok 158 - v11.1.8: fallback usa imagens recuperadas e pagamentos continuam dependentes da API
  ---
  duration_ms: 5.696871
  type: 'test'
  ...
# Subtest: v11.1.8: suíte HTTP exige dependências e usa dados privados temporários
ok 159 - v11.1.8: suíte HTTP exige dependências e usa dados privados temporários
  ---
  duration_ms: 2.691063
  type: 'test'
  ...
# Subtest: v11.1.8: nenhum preço ou estoque original foi inventado durante a recuperação
ok 160 - v11.1.8: nenhum preço ou estoque original foi inventado durante a recuperação
  ---
  duration_ms: 15.45504
  type: 'test'
  ...
# Subtest: v11.1.8: estado nulo não reinicializa estoque silenciosamente
ok 161 - v11.1.8: estado nulo não reinicializa estoque silenciosamente
  ---
  duration_ms: 8.978681
  type: 'test'
  ...
# Subtest: v11.1.8: identificação pública editável sem enviar preços e produtos
ok 162 - v11.1.8: identificação pública editável sem enviar preços e produtos
  ---
  duration_ms: 4.486349
  type: 'test'
  ...
# Subtest: repositório em memória lista pedidos sem falhar no structuredClone
ok 163 - repositório em memória lista pedidos sem falhar no structuredClone
  ---
  duration_ms: 8.385296
  type: 'test'
  ...
# Subtest: repositório consolida cliente e baixa estoque exatamente uma vez ao confirmar pagamento
ok 164 - repositório consolida cliente e baixa estoque exatamente uma vez ao confirmar pagamento
  ---
  duration_ms: 2.299364
  type: 'test'
  ...
# Subtest: pedidos antigos sem pagamento expiram; pedidos pagos nunca expiram
ok 165 - pedidos antigos sem pagamento expiram; pedidos pagos nunca expiram
  ---
  duration_ms: 2.858646
  type: 'test'
  ...
# Subtest: mutateCatalog aplica mutação sobre o estado mais recente e propaga erros sem salvar
ok 166 - mutateCatalog aplica mutação sobre o estado mais recente e propaga erros sem salvar
  ---
  duration_ms: 4.683655
  type: 'test'
  ...
# Subtest: busca com % e _ é tratada literalmente (sem curinga acidental)
ok 167 - busca com % e _ é tratada literalmente (sem curinga acidental)
  ---
  duration_ms: 0.90228
  type: 'test'
  ...
# Subtest: updateOrder funcional: decisão tomada sobre o estado fresco (anti-TOCTOU do webhook)
ok 168 - updateOrder funcional: decisão tomada sobre o estado fresco (anti-TOCTOU do webhook)
  ---
  duration_ms: 1.429528
  type: 'test'
  ...
# Subtest: catálogo local de versão anterior é normalizado e persistido sem perder o produto
ok 169 - catálogo local de versão anterior é normalizado e persistido sem perder o produto
  ---
  duration_ms: 43.591885
  type: 'test'
  ...
# Subtest: código de login do cliente é consumido uma única vez no repositório em memória
ok 170 - código de login do cliente é consumido uma única vez no repositório em memória
  ---
  duration_ms: 1.465065
  type: 'test'
  ...
# Subtest: código incorreto incrementa tentativas sem consumir o código válido
ok 171 - código incorreto incrementa tentativas sem consumir o código válido
  ---
  duration_ms: 1.563627
  type: 'test'
  ...
# Subtest: sessão administrativa persistida pode ser revogada imediatamente
ok 172 - sessão administrativa persistida pode ser revogada imediatamente
  ---
  duration_ms: 1.791836
  type: 'test'
  ...
# Subtest: v11.1 gera slugs amigáveis únicos para páginas de produto
ok 173 - v11.1 gera slugs amigáveis únicos para páginas de produto
  ---
  duration_ms: 6.051765
  type: 'test'
  ...
# Subtest: v11.1 aplica preço promocional e desconto automático no servidor
ok 174 - v11.1 aplica preço promocional e desconto automático no servidor
  ---
  duration_ms: 5.722825
  type: 'test'
  ...
# Subtest: v11.1 promoção pode reduzir o limite efetivo de frete grátis
ok 175 - v11.1 promoção pode reduzir o limite efetivo de frete grátis
  ---
  duration_ms: 0.849154
  type: 'test'
  ...
# Subtest: v11.1 reserva estoque de forma imutável e libera na expiração/cancelamento
ok 176 - v11.1 reserva estoque de forma imutável e libera na expiração/cancelamento
  ---
  duration_ms: 2.066943
  type: 'test'
  ...
# Subtest: v11.1 reserva impede sobrevenda da última unidade
ok 177 - v11.1 reserva impede sobrevenda da última unidade
  ---
  duration_ms: 1.63905
  type: 'test'
  ...
# Subtest: v11.1 conta do cliente autentica por código com sessão HttpOnly
ok 178 - v11.1 conta do cliente autentica por código com sessão HttpOnly
  ---
  duration_ms: 3.722849
  type: 'test'
  ...
# Subtest: v11.1 endpoints de avaliações verificadas e avise-me estão protegidos no servidor
ok 179 - v11.1 endpoints de avaliações verificadas e avise-me estão protegidos no servidor
  ---
  duration_ms: 15.513666
  type: 'test'
  ...
# Subtest: v11.1 frontend/admin contém todos os pontos de integração principais
ok 180 - v11.1 frontend/admin contém todos os pontos de integração principais
  ---
  duration_ms: 9.03294
  type: 'test'
  ...
# Subtest: contratos herdados da v11.1.2 permanecem coerentes na versão atual
ok 181 - contratos herdados da v11.1.2 permanecem coerentes na versão atual
  ---
  duration_ms: 31.80876
  type: 'test'
  ...
# Subtest: detalhes do produto têm região única, ordem semântica e fluxo em coluna
ok 182 - detalhes do produto têm região única, ordem semântica e fluxo em coluna
  ---
  duration_ms: 8.143195
  type: 'test'
  ...
# Subtest: catálogo limita a exibição inicial e só mostra mais produtos por ação explícita
ok 183 - catálogo limita a exibição inicial e só mostra mais produtos por ação explícita
  ---
  duration_ms: 5.700089
  type: 'test'
  ...
# Subtest: seleção múltipla da galeria é copiada antes de limpar o input
ok 184 - seleção múltipla da galeria é copiada antes de limpar o input
  ---
  duration_ms: 10.714689
  type: 'test'
  ...
# Subtest: autenticação administrativa não possui cadeia de senha fallback
ok 185 - autenticação administrativa não possui cadeia de senha fallback
  ---
  duration_ms: 12.504858
  type: 'test'
  ...
# Subtest: credencial inicial não aparece nos assets públicos nem nos atalhos Windows
ok 186 - credencial inicial não aparece nos assets públicos nem nos atalhos Windows
  ---
  duration_ms: 38.327656
  type: 'test'
  ...
# Subtest: catálogo entregue não contém IDs globais de variação repetidos
ok 187 - catálogo entregue não contém IDs globais de variação repetidos
  ---
  duration_ms: 8.329244
  type: 'test'
  ...
# Subtest: deploy usa lockfile e desativa credencial inicial compartilhada
ok 188 - deploy usa lockfile e desativa credencial inicial compartilhada
  ---
  duration_ms: 2.172968
  type: 'test'
  ...
# Subtest: fallback embutido corresponde aos produtos vendáveis e não habilita pagamento offline
ok 189 - fallback embutido corresponde aos produtos vendáveis e não habilita pagamento offline
  ---
  duration_ms: 17.036455
  type: 'test'
  ...
# Subtest: imagem de fundo otimizada existe e é significativamente menor que o PNG social
ok 190 - imagem de fundo otimizada existe e é significativamente menor que o PNG social
  ---
  duration_ms: 1.773529
  type: 'test'
  ...
# Subtest: CSS e JavaScript referenciados pelo HTML usam chave de versão para invalidar cache antigo
ok 191 - CSS e JavaScript referenciados pelo HTML usam chave de versão para invalidar cache antigo
  ---
  duration_ms: 3.299185
  type: 'test'
  ...
# Subtest: detalhes usam rolagem do documento; outras camadas preservam fundo sem desfoque
ok 192 - detalhes usam rolagem do documento; outras camadas preservam fundo sem desfoque
  ---
  duration_ms: 19.598392
  type: 'test'
  ...
# Subtest: cards usam quadro quadrado sem borda e preservam a imagem inteira com preenchimento visual
ok 193 - cards usam quadro quadrado sem borda e preservam a imagem inteira com preenchimento visual
  ---
  duration_ms: 16.872743
  type: 'test'
  ...
# Subtest: carrossel funciona nos cards e no popup por controles, teclado e gesto horizontal
ok 194 - carrossel funciona nos cards e no popup por controles, teclado e gesto horizontal
  ---
  duration_ms: 5.748053
  type: 'test'
  ...
# Subtest: Admin evita rolagens aninhadas desnecessárias e encaminha roda da prévia ao painel
ok 195 - Admin evita rolagens aninhadas desnecessárias e encaminha roda da prévia ao painel
  ---
  duration_ms: 6.460232
  type: 'test'
  ...
# Subtest: todas as referências públicas usam cache-busting da versão atual
ok 196 - todas as referências públicas usam cache-busting da versão atual
  ---
  duration_ms: 12.036939
  type: 'test'
  ...
# Subtest: v11.1.4 coordena camadas em vez de empilhar conta, produto e sacola
ok 197 - v11.1.4 coordena camadas em vez de empilhar conta, produto e sacola
  ---
  duration_ms: 17.79025
  type: 'test'
  ...
# Subtest: favorito solicitado antes do login é preservado e aplicado após autenticar
ok 198 - favorito solicitado antes do login é preservado e aplicado após autenticar
  ---
  duration_ms: 6.322175
  type: 'test'
  ...
# Subtest: busca inteligente expõe combobox e navegação por setas/Escape
ok 199 - busca inteligente expõe combobox e navegação por setas/Escape
  ---
  duration_ms: 3.989907
  type: 'test'
  ...
# Subtest: auditoria de catálogo do ZIP não depende obrigatoriamente dos PDFs-fonte
ok 200 - auditoria de catálogo do ZIP não depende obrigatoriamente dos PDFs-fonte
  ---
  duration_ms: 1.952972
  type: 'test'
  ...
# Subtest: smoke de produção valida detalhes em fluxo e uma coluna
ok 201 - smoke de produção valida detalhes em fluxo e uma coluna
  ---
  duration_ms: 1.796913
  type: 'test'
  ...
# Subtest: textos legais preservam quebras de linha sem aceitar controles perigosos
ok 202 - textos legais preservam quebras de linha sem aceitar controles perigosos
  ---
  duration_ms: 4.579891
  type: 'test'
  ...
# Subtest: modais legais e de pedido usam backdrop próprio e coordenador único de camadas
ok 203 - modais legais e de pedido usam backdrop próprio e coordenador único de camadas
  ---
  duration_ms: 16.102825
  type: 'test'
  ...
# Subtest: fechar uma camada autônoma não remove o lock se outra camada bloqueadora continuar aberta
ok 204 - fechar uma camada autônoma não remove o lock se outra camada bloqueadora continuar aberta
  ---
  duration_ms: 3.412934
  type: 'test'
  ...
# Subtest: fallback público embutido mantém os parágrafos dos textos legais
ok 205 - fallback público embutido mantém os parágrafos dos textos legais
  ---
  duration_ms: 6.602707
  type: 'test'
  ...
# Subtest: pagamento tardio após liberação recompromete estoque; se não houver estoque, aborta atomicamente
ok 206 - pagamento tardio após liberação recompromete estoque; se não houver estoque, aborta atomicamente
  ---
  duration_ms: 11.915465
  type: 'test'
  ...
# Subtest: pagamento tardio com estoque disponível baixa novamente e marca commit
ok 207 - pagamento tardio com estoque disponível baixa novamente e marca commit
  ---
  duration_ms: 1.656063
  type: 'test'
  ...
# Subtest: pedido expirado não volta artificialmente para aguardando pagamento sem nova reserva
ok 208 - pedido expirado não volta artificialmente para aguardando pagamento sem nova reserva
  ---
  duration_ms: 0.422412
  type: 'test'
  ...
# Subtest: frete automático nunca inventa dimensões e Jadlog rejeita peso real acima do limite
ok 209 - frete automático nunca inventa dimensões e Jadlog rejeita peso real acima do limite
  ---
  duration_ms: 2.645457
  type: 'test'
  ...
# Subtest: projeção pública preserva frete sob cotação como null, nunca R$ 0
ok 210 - projeção pública preserva frete sob cotação como null, nunca R$ 0
  ---
  duration_ms: 0.581923
  type: 'test'
  ...
# Subtest: metadados de promoções somam exatamente o desconto efetivo após teto
ok 211 - metadados de promoções somam exatamente o desconto efetivo após teto
  ---
  duration_ms: 0.966616
  type: 'test'
  ...
# Subtest: frete grátis elegível fica registrado mesmo com preço ainda zero e o recálculo manual respeita o snapshot
ok 212 - frete grátis elegível fica registrado mesmo com preço ainda zero e o recálculo manual respeita o snapshot
  ---
  duration_ms: 0.764096
  type: 'test'
  ...
# Subtest: trava de checkout evita duas preferências simultâneas e reutiliza tentativa idempotente após falha
ok 213 - trava de checkout evita duas preferências simultâneas e reutiliza tentativa idempotente após falha
  ---
  duration_ms: 1.066622
  type: 'test'
  ...
# Subtest: Mercado Pago recusa criar preferência quando a reserva explicitamente já expirou
ok 214 - Mercado Pago recusa criar preferência quando a reserva explicitamente já expirou
  ---
  duration_ms: 1.683376
  type: 'test'
  ...
# Subtest: sessões de cliente expiradas são limpas ao salvar uma nova sessão em memória
ok 215 - sessões de cliente expiradas são limpas ao salvar uma nova sessão em memória
  ---
  duration_ms: 1.383064
  type: 'test'
  ...
# Subtest: catálogo recusa configuração impossível de quantidade mínima acima da máxima
ok 216 - catálogo recusa configuração impossível de quantidade mínima acima da máxima
  ---
  duration_ms: 2.064311
  type: 'test'
  ...
# Subtest: verificação de compra não depende do limite de 200 pedidos recentes
ok 217 - verificação de compra não depende do limite de 200 pedidos recentes
  ---
  duration_ms: 21.84629
  type: 'test'
  ...
# Subtest: aviso de reposição só considera item realmente comprável e nunca herda estoque após remover variação
ok 218 - aviso de reposição só considera item realmente comprável e nunca herda estoque após remover variação
  ---
  duration_ms: 0.409553
  type: 'test'
  ...
# Subtest: idempotência de criação usa capability separada e nunca confia só no clientOrderId
ok 219 - idempotência de criação usa capability separada e nunca confia só no clientOrderId
  ---
  duration_ms: 2.40612
  type: 'test'
  ...
# Subtest: contratos críticos da v11.1.6 estão ligados às rotas reais
ok 220 - contratos críticos da v11.1.6 estão ligados às rotas reais
  ---
  duration_ms: 29.17468
  type: 'test'
  ...
# Subtest: combo percentual respeita a quantidade real de cada variação e não duplica preço barato
ok 221 - combo percentual respeita a quantidade real de cada variação e não duplica preço barato
  ---
  duration_ms: 0.485626
  type: 'test'
  ...
# Subtest: hash da tentativa é estável sem depender do estoque ou do catálogo atual
ok 222 - hash da tentativa é estável sem depender do estoque ou do catálogo atual
  ---
  duration_ms: 0.918113
  type: 'test'
  ...
# Subtest: modo memória serializa criações concorrentes do mesmo clientOrderId
ok 223 - modo memória serializa criações concorrentes do mesmo clientOrderId
  ---
  duration_ms: 0.804432
  type: 'test'
  ...
# Subtest: revisão do catálogo detecta gravação administrativa obsoleta
ok 224 - revisão do catálogo detecta gravação administrativa obsoleta
  ---
  duration_ms: 0.486868
  type: 'test'
  ...
# Subtest: frete grátis por limiar é sanitizado como regra global para não prometer escopo ignorado
ok 225 - frete grátis por limiar é sanitizado como regra global para não prometer escopo ignorado
  ---
  duration_ms: 2.043473
  type: 'test'
  ...
# Subtest: rotas administrativas usam revisão otimista para importação e ordem por IDs
ok 226 - rotas administrativas usam revisão otimista para importação e ordem por IDs
  ---
  duration_ms: 7.563099
  type: 'test'
  ...
# Subtest: promoção não acumulável nunca é somada ao grupo acumulável
ok 227 - promoção não acumulável nunca é somada ao grupo acumulável
  ---
  duration_ms: 0.743479
  type: 'test'
  ...
# Subtest: fuzz: descontos automáticos respeitam teto, metadados e não acumulabilidade
ok 228 - fuzz: descontos automáticos respeitam teto, metadados e não acumulabilidade
  ---
  duration_ms: 25.810595
  type: 'test'
  ...
# Subtest: fuzz: reservar e liberar estoque preserva exatamente o inventário original
ok 229 - fuzz: reservar e liberar estoque preserva exatamente o inventário original
  ---
  duration_ms: 18.43391
  type: 'test'
  ...
# Subtest: contratos expert adicionais: catálogo monotônico, checkout no-store e webhook usa estado sob lock
ok 230 - contratos expert adicionais: catálogo monotônico, checkout no-store e webhook usa estado sob lock
  ---
  duration_ms: 7.538847
  type: 'test'
  ...
# Subtest: lock de reposição impede envio concorrente e permite retry quando SMTP falha
ok 231 - lock de reposição impede envio concorrente e permite retry quando SMTP falha
  ---
  duration_ms: 26.784997
  type: 'test'
  ...
# Subtest: pedido legado sem reserva também não pode ser marcado pago sem estoque real
ok 232 - pedido legado sem reserva também não pode ser marcado pago sem estoque real
  ---
  duration_ms: 1.03179
  type: 'test'
  ...
# Subtest: PUBLIC_URL de produção precisa ser origem HTTPS limpa
ok 233 - PUBLIC_URL de produção precisa ser origem HTTPS limpa
  ---
  duration_ms: 0.435172
  type: 'test'
  ...
# Subtest: SEO marca estoque com a mesma regra de comprabilidade e não anuncia preço zero
ok 234 - SEO marca estoque com a mesma regra de comprabilidade e não anuncia preço zero
  ---
  duration_ms: 17.381392
  type: 'test'
  ...
# Subtest: slugs duplicados longos continuam únicos e roteáveis dentro do limite de 100 caracteres
ok 235 - slugs duplicados longos continuam únicos e roteáveis dentro do limite de 100 caracteres
  ---
  duration_ms: 2.703976
  type: 'test'
  ...
# Subtest: conta do cliente faz merge atômico e não perde atualização concorrente de campo distinto
ok 236 - conta do cliente faz merge atômico e não perde atualização concorrente de campo distinto
  ---
  duration_ms: 17.123753
  type: 'test'
  ...
# Subtest: cotação de frete rejeita antes da transportadora itens que o pedido rejeitaria
ok 237 - cotação de frete rejeita antes da transportadora itens que o pedido rejeitaria
  ---
  duration_ms: 2.396373
  type: 'test'
  ...
# Subtest: rota pública de frete usa validador estrito e conta não faz read-modify-write fora do lock
ok 238 - rota pública de frete usa validador estrito e conta não faz read-modify-write fora do lock
  ---
  duration_ms: 3.487411
  type: 'test'
  ...
# Subtest: colisão de clientOrderId sem capability é rejeitada no preflight antes de cotar frete
ok 239 - colisão de clientOrderId sem capability é rejeitada no preflight antes de cotar frete
  ---
  duration_ms: 2.751826
  type: 'test'
  ...
# Subtest: exclusão lógica preserva âncora de estoque para cancelar pedido reservado
ok 240 - exclusão lógica preserva âncora de estoque para cancelar pedido reservado
  ---
  duration_ms: 2.135176
  type: 'test'
  ...
# Subtest: Admin usa tombstone em exclusão e importação/reordenação preserva arquivados
ok 241 - Admin usa tombstone em exclusão e importação/reordenação preserva arquivados
  ---
  duration_ms: 6.094563
  type: 'test'
  ...
# Subtest: revisão por produto impede Admin de sobrescrever estoque alterado por venda concorrente
ok 242 - revisão por produto impede Admin de sobrescrever estoque alterado por venda concorrente
  ---
  duration_ms: 0.450436
  type: 'test'
  ...
# Subtest: variação arquivada some da loja mas continua como âncora para liberar reserva antiga
ok 243 - variação arquivada some da loja mas continua como âncora para liberar reserva antiga
  ---
  duration_ms: 1.67812
  type: 'test'
  ...
# Subtest: contrato do Admin exige revisão por produto e arquiva variações omitidas
ok 244 - contrato do Admin exige revisão por produto e arquiva variações omitidas
  ---
  duration_ms: 4.649303
  type: 'test'
  ...
# Subtest: promoções importadas perigosas são rejeitadas no backend e preço promocional é sempre preço-base acumulável
ok 245 - promoções importadas perigosas são rejeitadas no backend e preço promocional é sempre preço-base acumulável
  ---
  duration_ms: 1.62208
  type: 'test'
  ...
# Subtest: tombstones nunca reaparecem no catálogo público, estoque, SEO ou sitemap
ok 246 - tombstones nunca reaparecem no catálogo público, estoque, SEO ou sitemap
  ---
  duration_ms: 6.951166
  type: 'test'
  ...
# Subtest: PostgreSQL serializa clientOrderId antes de tocar no estoque
ok 247 - PostgreSQL serializa clientOrderId antes de tocar no estoque
  ---
  duration_ms: 1.387064
  type: 'test'
  ...
# Subtest: empacotador não encolhe geometria impossível para obter cotação automática
ok 248 - empacotador não encolhe geometria impossível para obter cotação automática
  ---
  duration_ms: 0.491037
  type: 'test'
  ...
# Subtest: rotas públicas e alertas administrativos ignoram produtos arquivados
ok 249 - rotas públicas e alertas administrativos ignoram produtos arquivados
  ---
  duration_ms: 2.358019
  type: 'test'
  ...
# Subtest: Admin não oferece acumulação fictícia para preço-base/frete e ressincroniza controles após reset
ok 250 - Admin não oferece acumulação fictícia para preço-base/frete e ressincroniza controles após reset
  ---
  duration_ms: 3.626837
  type: 'test'
  ...
# Subtest: pedido não aceita contato telefônico evidentemente inválido
ok 251 - pedido não aceita contato telefônico evidentemente inválido
  ---
  duration_ms: 2.312721
  type: 'test'
  ...
# Subtest: revisões por seção impedem perda de edição sem conflitar com estoque alheio
ok 252 - revisões por seção impedem perda de edição sem conflitar com estoque alheio
  ---
  duration_ms: 4.585341
  type: 'test'
  ...
# Subtest: catálogo rejeita produto/variação ativa sem preço ou sem nome
ok 253 - catálogo rejeita produto/variação ativa sem preço ou sem nome
  ---
  duration_ms: 1.235235
  type: 'test'
  ...
# Subtest: admin permite vincular uma foto da galeria a cada variação
ok 254 - admin permite vincular uma foto da galeria a cada variação
  ---
  duration_ms: 1.922699
  type: 'test'
  ...
# Subtest: loja sincroniza a galeria ao trocar a variação e aceita até 12 fotos
ok 255 - loja sincroniza a galeria ao trocar a variação e aceita até 12 fotos
  ---
  duration_ms: 0.76419
  type: 'test'
  ...
# Subtest: backend persiste a foto da variação e protege mídia referenciada
ok 256 - backend persiste a foto da variação e protege mídia referenciada
  ---
  duration_ms: 0.44717
  type: 'test'
  ...
# Subtest: Admin usa editor visual lado a lado e produto não abre em dialog/modal
ok 257 - Admin usa editor visual lado a lado e produto não abre em dialog/modal
  ---
  duration_ms: 2.193352
  type: 'test'
  ...
# Subtest: prévia pode ser clicada para selecionar e editar elementos reais da loja
ok 258 - prévia pode ser clicada para selecionar e editar elementos reais da loja
  ---
  duration_ms: 0.619342
  type: 'test'
  ...
# Subtest: editor de foto oferece recorte, arrastar, zoom, formato e exportação antes do upload
ok 259 - editor de foto oferece recorte, arrastar, zoom, formato e exportação antes do upload
  ---
  duration_ms: 0.491313
  type: 'test'
  ...
# Subtest: preview same-origin é permitida sem liberar enquadramento por sites externos
ok 260 - preview same-origin é permitida sem liberar enquadramento por sites externos
  ---
  duration_ms: 0.276834
  type: 'test'
  ...
# Subtest: modo de preview ignora age gate e mantém produtos ocultos fora da grade
ok 261 - modo de preview ignora age gate e mantém produtos ocultos fora da grade
  ---
  duration_ms: 0.490498
  type: 'test'
  ...
1..261
# tests 261
# suites 0
# pass 260
# fail 1
# cancelled 0
# skipped 0
# todo 0
# duration_ms 17407.096491
