[browser] 280px
[browser] 320px
[browser] 360px
[browser] 375px
[browser] 390px
[browser] 412px
[browser] 430px
[browser] 480px
[browser] 600px
[browser] 768px
[browser] 820px
[browser] 1024px
[browser] 1280px
[browser] 1366px
[browser] 1440px
[browser] 1600px
[browser] 1920px
[browser] 2560px
{
  "status": "APROVADO",
  "widths": 18,
  "testedWidths": [
    280,
    320,
    360,
    375,
    390,
    412,
    430,
    480,
    600,
    768,
    820,
    1024,
    1280,
    1366,
    1440,
    1600,
    1920,
    2560
  ],
  "failures": []
}
