APROVADO 227 produtos preservados e nenhum oculto; 222 sem preço continuam sob consulta
APROVADO Gourmet: primeira página contém 12 de 82, com 7 páginas
APROVADO Primeira página: Anterior desabilitado e número atual indicado
APROVADO Gourmet página 1: 12 itens
APROVADO Gourmet página 2: 12 itens
APROVADO Gourmet página 3: 12 itens
APROVADO Gourmet página 4: 12 itens
APROVADO Gourmet página 5: 12 itens
APROVADO Gourmet página 6: 12 itens
APROVADO Gourmet página 7: 10 itens
APROVADO 82 produtos Gourmet alcançáveis sem duplicar ou omitir
APROVADO Última página: Próxima desabilitada
APROVADO Clique no número substitui a página e leva foco ao catálogo
APROVADO Próxima avança para 3
APROVADO Voltar restaura a página 2 e o departamento Gourmet
APROVADO Avançar restaura a página 3
Traceback (most recent call last):
  File "/mnt/data/paginacao-r1/work/INTEGRALL-v11.1.8/scripts/pagination-browser.py", line 102, in <module>
    if __name__=='__main__':raise SystemExit(main())
                                             ~~~~^^
  File "/mnt/data/paginacao-r1/work/INTEGRALL-v11.1.8/scripts/pagination-browser.py", line 65, in main
    page.locator('#catalogPagination [data-catalog-page="4"]').focus();page.keyboard.press('Enter');check('Paginação por teclado funciona e o foco inicia nos resultados',metrics()['current']==4 and page.evaluate('document.activeElement.id')=='productGrid')
    ~~~~~~~~~~~~~~~~~~~~~~~~~~~~~~~~~~~~~~~~~~~~~~~~~~~~~~~~~~~~~~~~^^
  File "/opt/pyvenv/lib/python3.13/site-packages/playwright/sync_api/_generated.py", line 16811, in focus
    self._sync(self._impl_obj.focus(timeout=timeout))
    ~~~~~~~~~~^^^^^^^^^^^^^^^^^^^^^^^^^^^^^^^^^^^^^^^
  File "/opt/pyvenv/lib/python3.13/site-packages/playwright/_impl/_sync_base.py", line 115, in _sync
    return task.result()
           ~~~~~~~~~~~^^
  File "/opt/pyvenv/lib/python3.13/site-packages/playwright/_impl/_locator.py", line 399, in focus
    return await self._frame.focus(self._selector, strict=True, **params)
           ^^^^^^^^^^^^^^^^^^^^^^^^^^^^^^^^^^^^^^^^^^^^^^^^^^^^^^^^^^^^^^
  File "/opt/pyvenv/lib/python3.13/site-packages/playwright/_impl/_frame.py", line 700, in focus
    await self._channel.send("focus", self._timeout, locals_to_params(locals()))
  File "/opt/pyvenv/lib/python3.13/site-packages/playwright/_impl/_connection.py", line 69, in send
    return await self._connection.wrap_api_call(
           ^^^^^^^^^^^^^^^^^^^^^^^^^^^^^^^^^^^^^
    ...<3 lines>...
    )
    ^
  File "/opt/pyvenv/lib/python3.13/site-packages/playwright/_impl/_connection.py", line 559, in wrap_api_call
    raise rewrite_error(error, f"{parsed_st['apiName']}: {error}") from None
playwright._impl._errors.Error: Locator.focus: Error: strict mode violation: locator("#catalogPagination [data-catalog-page=\"4\"]") resolved to 2 elements:
    1) <button type="button" data-catalog-page="4" class="catalog-page-button" aria-controls="productGrid" aria-label="Ir para a página 4">4</button> aka get_by_role("button", name="Ir para a página 4")
    2) <button type="button" data-catalog-page="4" class="catalog-page-button" aria-label="Próxima página" aria-controls="productGrid">Próxima</button> aka get_by_role("button", name="Próxima página")

Call log:
  - waiting for locator("#catalogPagination [data-catalog-page=\"4\"]")

